// Jest Snapshot v1, https://goo.gl/fbAQLP

exports[`Profile component should render as expected 1`] = `
<div>
  <section
    className="aboutus section_padding"
  >
    <h3
      className="heading_h3"
    >
      Profile
    </h3>
    <p
      className="text_paragraphs"
    >
      Founded in 2004 by first generation entrepreneurs, Inteliment is an an Innovative Company that effectively syndicates the ‘Data Science & Art’ into a Multi-Disciplinary Analytics to deliver. Insight, Integrity and Impact! Inteliment has been on the path of synchronized value co-creation and innovations for some of the most powerful and impact-making companies in the world. Inteliment’s key differentiator is in its - deep Technical Competency, Customer Centricity a Proven Track Record of helping companies truly harnessing the power of their data for effective business decisions creating competitive advantage and success. Inteliment operates ISO 9001:2015 Certified India Development Centre and Innovation Labs in Pune, with a state-of-the-art facility adhering to the Global Quality Standards and international offices in Sydney and Singapore, servicing .80+ Global Customers across diver industry domains.
    </p>
  </section>
</div>
`;
